// Jest Snapshot v1, https://goo.gl/fbAQLP

exports[`matches snapshot 1`] = `
<DocumentFragment>
  <div
    class="App"
  >
    <div
      class="ToDoList"
    >
      <h3
        class="ToDoList-header"
      >
        To Do List
      </h3>
      <div
        class="ToDoList-form"
      >
        <form>
          <label
            for="item"
          >
            Item: 
          </label>
          <input
            class="NewToDoForm-input"
            id="item"
            name="item"
            type="text"
            value=""
          />
          <button>
            Add To Do Item
          </button>
        </form>
      </div>
      <div
        class="ToDoList-item"
      />
    </div>
  </div>
</DocumentFragment>
`;
