// Jest Snapshot v1, https://goo.gl/fbAQLP

exports[`matches snapshot 1`] = `
<DocumentFragment>
  <form>
    <label
      for="item"
    >
      Item: 
    </label>
    <input
      class="NewToDoForm-input"
      id="item"
      name="item"
      type="text"
      value=""
    />
    <button>
      Add To Do Item
    </button>
  </form>
</DocumentFragment>
`;
